Using bundled DotNet SDK version: 8.0.412 win-x64
Running UnrealBuildTool: dotnet "..\..\Engine\Binaries\DotNET\UnrealBuildTool\UnrealBuildTool.dll" TheSignalEditor Win64 Development C:/Users/Ommei/workspace/TheSignal/TheSignal.uproject -WaitMutex
Log file: C:\Users\Ommei\AppData\Local\UnrealBuildTool\Log.txt
Using 'git status' to determine working set for adaptive non-unity build (C:\Users\Ommei\workspace\TheSignal).
Invalidating makefile for TheSignalEditor (TheSignal.Build.cs modified)
Warning: Plugin 'BlueprintMCP' does not list plugin 'IKRig' as a dependency, but module 'BlueprintMCP' depends on module 'IKRig'.
Warning: Plugin 'BlueprintMCP' does not list plugin 'IKRig' as a dependency, but module 'BlueprintMCP' depends on module 'IKRigDeveloper'.
UHT compiled-in object format Default
Parsing headers for TheSignalEditor
  Running Internal UnrealHeaderTool C:\Users\Ommei\workspace\TheSignal\TheSignal.uproject C:\Users\Ommei\workspace\TheSignal\Intermediate\Build\Win64\TheSignalEditor\Development\TheSignalEditor.uhtmanifest -WarningsAsErrors -installed
UHT processed TheSignalEditor in 5.8759518 seconds (0 files written)
Building TheSignalEditor...
Using Visual Studio 2022 14.44.35222 toolchain (C:\Program Files (x86)\Microsoft Visual Studio\2022\BuildTools\VC\Tools\MSVC\14.44.35207) and Windows 10.0.26100.0 SDK (C:\Program Files (x86)\Windows Kits\10).
[Adaptive Build] Excluded from TheSignal unity file: ZP_EditorWidgetUtils.cpp
Determining max actions to execute in parallel (10 physical cores, 20 logical cores)
  Executing up to 10 processes, one per physical core
Using Unreal Build Accelerator local executor to run 2 action(s)
  Storage capacity 40Gb
---- Starting trace: 260612_222757 ----
UbaSessionServer - Disable remote execution (remote sessions will finish current processes)
[1/2] Link [x64] UnrealEditor-TheSignal.dll
[2/2] WriteMetadata TheSignalEditor.target [NoUba]

Trace written to file C:/Users/Ommei/AppData/Local/UnrealBuildTool/Log.uba with size 2.6kb
Total time in Unreal Build Accelerator local executor: 1.86 seconds

Result: Succeeded
Total execution time: 12.90 seconds
