Using bundled DotNet SDK version: 8.0.412 win-x64
Running UnrealBuildTool: dotnet "..\..\Engine\Binaries\DotNET\UnrealBuildTool\UnrealBuildTool.dll" TheSignalEditor Win64 Development C:/Users/Ommei/workspace/TheSignal/TheSignal.uproject -WaitMutex
Log file: C:\Users\Ommei\AppData\Local\UnrealBuildTool\Log.txt
Using 'git status' to determine working set for adaptive non-unity build (C:\Users\Ommei\workspace\TheSignal).
Building TheSignalEditor...
Using Visual Studio 2022 14.44.35222 toolchain (C:\Program Files (x86)\Microsoft Visual Studio\2022\BuildTools\VC\Tools\MSVC\14.44.35207) and Windows 10.0.26100.0 SDK (C:\Program Files (x86)\Windows Kits\10).
[Adaptive Build] Excluded from TheSignal unity file: ZP_HUDWidget.cpp, ZP_KinemationComponent.cpp
Determining max actions to execute in parallel (10 physical cores, 20 logical cores)
  Executing up to 10 processes, one per physical core
Using Unreal Build Accelerator local executor to run 4 action(s)
  Storage capacity 40Gb
---- Starting trace: 260613_130843 ----
UbaSessionServer - Disable remote execution (remote sessions will finish current processes)
[1/4] Compile [x64] ZP_HUDWidget.cpp
C:\Users\Ommei\workspace\TheSignal\Source\TheSignal\ZP_HUDWidget.cpp(64,44): error C4458: declaration of 'Slot' hides class member
	auto Resolve = [this](TObjectPtr<UImage>& Slot, std::initializer_list<const TCHAR*> Names)
	                                          ^
C:\Program Files\Epic Games\UE_5.7\Engine\Source\Runtime\UMG\Public\Components\Widget.h(264,25): note: see declaration of 'UWidget::Slot'
	TObjectPtr<UPanelSlot> Slot;
	                       ^
Trace written to file C:/Users/Ommei/AppData/Local/UnrealBuildTool/Log.uba with size 2.8kb
Total time in Unreal Build Accelerator local executor: 2.41 seconds

Result: Failed (OtherCompilationError)
Total execution time: 4.08 seconds
